ARM Linker, 5.03 [Build 76] [MDK-ARM Lite]

==============================================================================

Section Cross References

    main.o(i.init_gpiote) refers to main.o(i.nrf_gpio_cfg_input) for nrf_gpio_cfg_input
    main.o(i.init_gpiote) refers to app_gpiote.o(i.app_gpiote_init) for app_gpiote_init
    main.o(i.init_gpiote) refers to main.o(i.app_error_handler) for app_error_handler
    main.o(i.init_gpiote) refers to app_gpiote.o(i.app_gpiote_user_register) for app_gpiote_user_register
    main.o(i.init_gpiote) refers to app_gpiote.o(i.app_gpiote_user_enable) for app_gpiote_user_enable
    main.o(i.init_gpiote) refers to main.o(.bss) for app_gpiote_buf
    main.o(i.init_gpiote) refers to main.o(i.on_gpiote_event) for on_gpiote_event
    main.o(i.main) refers to main.o(i.init_gpiote) for init_gpiote
    main.o(i.main) refers to main.o(i.send_hello) for send_hello
    main.o(i.on_button_iii_event) refers to main.o(i.nrf_gpio_port_write) for nrf_gpio_port_write
    main.o(i.on_button_iii_event) refers to nrf_delay.o(i.nrf_delay_ms) for nrf_delay_ms
    main.o(i.on_gpiote_event) refers to main.o(i.nrf_gpio_pin_write) for nrf_gpio_pin_write
    main.o(i.on_gpiote_event) refers to nrf_delay.o(i.nrf_delay_ms) for nrf_delay_ms
    main.o(i.on_gpiote_event) refers to main.o(i.on_button_iii_event) for on_button_iii_event
    main.o(i.send_hello) refers to main.o(i.nrf_gpio_port_write) for nrf_gpio_port_write
    main.o(i.send_hello) refers to nrf_delay.o(i.nrf_delay_ms) for nrf_delay_ms
    arm_startup_nrf51.o(RESET) refers to arm_startup_nrf51.o(STACK) for __initial_sp
    arm_startup_nrf51.o(RESET) refers to arm_startup_nrf51.o(.text) for Reset_Handler
    arm_startup_nrf51.o(RESET) refers to app_gpiote.o(i.GPIOTE_IRQHandler) for GPIOTE_IRQHandler
    arm_startup_nrf51.o(.text) refers to system_nrf51.o(i.SystemInit) for SystemInit
    arm_startup_nrf51.o(.text) refers to entry.o(.ARM.Collect$$$$00000000) for __main
    system_nrf51.o(i.SystemCoreClockUpdate) refers to system_nrf51.o(.data) for SystemCoreClock
    system_nrf51.o(i.SystemInit) refers to system_nrf51.o(i.is_manual_peripheral_setup_needed) for is_manual_peripheral_setup_needed
    system_nrf51.o(i.SystemInit) refers to system_nrf51.o(i.is_disabled_in_debug_needed) for is_disabled_in_debug_needed
    nrf_delay.o(i.nrf_delay_ms) refers to nrf_delay.o(.emb_text) for __asm___11_nrf_delay_c_532987f3__nrf_delay_us
    app_gpiote.o(i.GPIOTE_IRQHandler) refers to app_gpiote.o(i.sense_level_toggle) for sense_level_toggle
    app_gpiote.o(i.GPIOTE_IRQHandler) refers to app_gpiote.o(.data) for mp_users
    app_gpiote.o(i.app_gpiote_init) refers to memseta.o(.text) for __aeabi_memclr4
    app_gpiote.o(i.app_gpiote_init) refers to app_gpiote.o(i.NVIC_SetPriority) for NVIC_SetPriority
    app_gpiote.o(i.app_gpiote_init) refers to app_gpiote.o(.data) for mp_users
    app_gpiote.o(i.app_gpiote_pins_state_get) refers to app_gpiote.o(.data) for mp_users
    app_gpiote.o(i.app_gpiote_user_disable) refers to app_gpiote.o(i.pins_sense_disable) for pins_sense_disable
    app_gpiote.o(i.app_gpiote_user_disable) refers to app_gpiote.o(.data) for mp_users
    app_gpiote.o(i.app_gpiote_user_enable) refers to app_gpiote.o(.data) for mp_users
    app_gpiote.o(i.app_gpiote_user_register) refers to app_gpiote.o(i.pins_sense_disable) for pins_sense_disable
    app_gpiote.o(i.app_gpiote_user_register) refers to app_gpiote.o(.data) for mp_users
    app_gpiote.o(i.pins_sense_disable) refers to app_gpiote.o(.data) for mp_users
    entry.o(.ARM.Collect$$$$00000000) refers (Special) to entry10a.o(.ARM.Collect$$$$0000000D) for __rt_final_cpp
    entry.o(.ARM.Collect$$$$00000000) refers (Special) to entry11a.o(.ARM.Collect$$$$0000000F) for __rt_final_exit
    entry.o(.ARM.Collect$$$$00000000) refers (Special) to entry7b.o(.ARM.Collect$$$$00000008) for _main_clock
    entry.o(.ARM.Collect$$$$00000000) refers (Special) to entry8b.o(.ARM.Collect$$$$0000000A) for _main_cpp_init
    entry.o(.ARM.Collect$$$$00000000) refers (Special) to entry9a.o(.ARM.Collect$$$$0000000B) for _main_init
    entry.o(.ARM.Collect$$$$00000000) refers (Special) to entry5.o(.ARM.Collect$$$$00000004) for _main_scatterload
    entry.o(.ARM.Collect$$$$00000000) refers (Special) to entry2.o(.ARM.Collect$$$$00000001) for _main_stk
    entry2.o(.ARM.Collect$$$$00000001) refers to entry2.o(.ARM.Collect$$$$00002712) for __lit__00000000
    entry2.o(.ARM.Collect$$$$00002712) refers to arm_startup_nrf51.o(STACK) for __initial_sp
    entry2.o(__vectab_stack_and_reset_area) refers to arm_startup_nrf51.o(STACK) for __initial_sp
    entry2.o(__vectab_stack_and_reset_area) refers to entry.o(.ARM.Collect$$$$00000000) for __main
    entry5.o(.ARM.Collect$$$$00000004) refers to init.o(.text) for __scatterload
    entry9a.o(.ARM.Collect$$$$0000000B) refers to main.o(i.main) for main
    entry9b.o(.ARM.Collect$$$$0000000C) refers to main.o(i.main) for main
    init.o(.text) refers to entry5.o(.ARM.Collect$$$$00000004) for __main_after_scatterload


==============================================================================

Removing Unused input sections from the image.

    Removing main.o(.rev16_text), (4 bytes).
    Removing main.o(.revsh_text), (4 bytes).
    Removing main.o(.emb_text), (30 bytes).
    Removing main.o(i.on_drum_rev_event), (2 bytes).
    Removing arm_startup_nrf51.o(HEAP), (2048 bytes).
    Removing system_nrf51.o(.rev16_text), (4 bytes).
    Removing system_nrf51.o(.revsh_text), (4 bytes).
    Removing system_nrf51.o(i.SystemCoreClockUpdate), (16 bytes).
    Removing nrf_delay.o(.rev16_text), (4 bytes).
    Removing nrf_delay.o(.revsh_text), (4 bytes).
    Removing app_gpiote.o(.rev16_text), (4 bytes).
    Removing app_gpiote.o(.revsh_text), (4 bytes).
    Removing app_gpiote.o(i.app_gpiote_pins_state_get), (64 bytes).
    Removing app_gpiote.o(i.app_gpiote_user_disable), (84 bytes).

14 unused section(s) (total 2276 bytes) removed from the image.

==============================================================================

Image Symbol Table

    Local Symbols

    Symbol Name                              Value     Ov Type        Size  Object(Section)

    RESET                                    0x00000000   Section      192  arm_startup_nrf51.o(RESET)
    ../clib/microlib/init/entry.s            0x00000000   Number         0  entry11b.o ABSOLUTE
    ../clib/microlib/init/entry.s            0x00000000   Number         0  entry11a.o ABSOLUTE
    ../clib/microlib/init/entry.s            0x00000000   Number         0  entry5.o ABSOLUTE
    ../clib/microlib/init/entry.s            0x00000000   Number         0  entry10b.o ABSOLUTE
    ../clib/microlib/init/entry.s            0x00000000   Number         0  entry10a.o ABSOLUTE
    ../clib/microlib/init/entry.s            0x00000000   Number         0  entry9b.o ABSOLUTE
    ../clib/microlib/init/entry.s            0x00000000   Number         0  entry2.o ABSOLUTE
    ../clib/microlib/init/entry.s            0x00000000   Number         0  entry9a.o ABSOLUTE
    ../clib/microlib/init/entry.s            0x00000000   Number         0  entry8b.o ABSOLUTE
    ../clib/microlib/init/entry.s            0x00000000   Number         0  entry8a.o ABSOLUTE
    ../clib/microlib/init/entry.s            0x00000000   Number         0  entry7b.o ABSOLUTE
    ../clib/microlib/init/entry.s            0x00000000   Number         0  entry7a.o ABSOLUTE
    ../clib/microlib/init/entry.s            0x00000000   Number         0  entry.o ABSOLUTE
    ../clib/microlib/string/memset.c         0x00000000   Number         0  memseta.o ABSOLUTE
    ..\..\nrf51822\Source\app_common\app_gpiote.c 0x00000000   Number         0  app_gpiote.o ABSOLUTE
    ..\..\nrf51822\Source\nrf_delay\nrf_delay.c 0x00000000   Number         0  nrf_delay.o ABSOLUTE
    ..\..\nrf51822\Source\templates\arm\arm_startup_nrf51.s 0x00000000   Number         0  arm_startup_nrf51.o ABSOLUTE
    ..\..\nrf51822\Source\templates\system_nrf51.c 0x00000000   Number         0  system_nrf51.o ABSOLUTE
    ..\\..\\nrf51822\\Source\\app_common\\app_gpiote.c 0x00000000   Number         0  app_gpiote.o ABSOLUTE
    ..\\..\\nrf51822\\Source\\nrf_delay\\nrf_delay.c 0x00000000   Number         0  nrf_delay.o ABSOLUTE
    ..\\..\\nrf51822\\Source\\templates\\system_nrf51.c 0x00000000   Number         0  system_nrf51.o ABSOLUTE
    ..\\main.c                               0x00000000   Number         0  main.o ABSOLUTE
    ..\main.c                                0x00000000   Number         0  main.o ABSOLUTE
    dc.s                                     0x00000000   Number         0  dc.o ABSOLUTE
    handlers.s                               0x00000000   Number         0  handlers.o ABSOLUTE
    init.s                                   0x00000000   Number         0  init.o ABSOLUTE
    .ARM.Collect$$$$00000000                 0x000000c0   Section        0  entry.o(.ARM.Collect$$$$00000000)
    .ARM.Collect$$$$00000001                 0x000000c0   Section        4  entry2.o(.ARM.Collect$$$$00000001)
    .ARM.Collect$$$$00000004                 0x000000c4   Section        4  entry5.o(.ARM.Collect$$$$00000004)
    .ARM.Collect$$$$00000008                 0x000000c8   Section        0  entry7b.o(.ARM.Collect$$$$00000008)
    .ARM.Collect$$$$0000000A                 0x000000c8   Section        0  entry8b.o(.ARM.Collect$$$$0000000A)
    .ARM.Collect$$$$0000000B                 0x000000c8   Section        8  entry9a.o(.ARM.Collect$$$$0000000B)
    .ARM.Collect$$$$0000000D                 0x000000d0   Section        0  entry10a.o(.ARM.Collect$$$$0000000D)
    .ARM.Collect$$$$0000000F                 0x000000d0   Section        0  entry11a.o(.ARM.Collect$$$$0000000F)
    .ARM.Collect$$$$00002712                 0x000000d0   Section        4  entry2.o(.ARM.Collect$$$$00002712)
    __lit__00000000                          0x000000d0   Data           4  entry2.o(.ARM.Collect$$$$00002712)
    .emb_text                                0x000000d4   Section       30  nrf_delay.o(.emb_text)
    .text                                    0x000000f4   Section       44  arm_startup_nrf51.o(.text)
    .text                                    0x00000120   Section        0  memseta.o(.text)
    .text                                    0x00000144   Section       36  init.o(.text)
    i.GPIOTE_IRQHandler                      0x00000168   Section        0  app_gpiote.o(i.GPIOTE_IRQHandler)
    i.NVIC_SetPriority                       0x000001e8   Section        0  app_gpiote.o(i.NVIC_SetPriority)
    NVIC_SetPriority                         0x000001e9   Thumb Code   110  app_gpiote.o(i.NVIC_SetPriority)
    i.SystemInit                             0x00000260   Section        0  system_nrf51.o(i.SystemInit)
    i.__scatterload_copy                     0x00000298   Section       14  handlers.o(i.__scatterload_copy)
    i.__scatterload_null                     0x000002a6   Section        2  handlers.o(i.__scatterload_null)
    i.__scatterload_zeroinit                 0x000002a8   Section       14  handlers.o(i.__scatterload_zeroinit)
    i.app_error_handler                      0x000002b8   Section        0  main.o(i.app_error_handler)
    i.app_gpiote_init                        0x000002d8   Section        0  app_gpiote.o(i.app_gpiote_init)
    i.app_gpiote_user_enable                 0x00000368   Section        0  app_gpiote.o(i.app_gpiote_user_enable)
    i.app_gpiote_user_register               0x00000460   Section        0  app_gpiote.o(i.app_gpiote_user_register)
    i.init_gpiote                            0x000004f8   Section        0  main.o(i.init_gpiote)
    i.is_disabled_in_debug_needed            0x000005a4   Section        0  system_nrf51.o(i.is_disabled_in_debug_needed)
    is_disabled_in_debug_needed              0x000005a5   Thumb Code    48  system_nrf51.o(i.is_disabled_in_debug_needed)
    i.is_manual_peripheral_setup_needed      0x000005d8   Section        0  system_nrf51.o(i.is_manual_peripheral_setup_needed)
    is_manual_peripheral_setup_needed        0x000005d9   Thumb Code    94  system_nrf51.o(i.is_manual_peripheral_setup_needed)
    i.main                                   0x0000063c   Section        0  main.o(i.main)
    i.nrf_delay_ms                           0x00000648   Section        0  nrf_delay.o(i.nrf_delay_ms)
    i.nrf_gpio_cfg_input                     0x00000664   Section        0  main.o(i.nrf_gpio_cfg_input)
    nrf_gpio_cfg_input                       0x00000665   Thumb Code    20  main.o(i.nrf_gpio_cfg_input)
    i.nrf_gpio_pin_write                     0x00000678   Section        0  main.o(i.nrf_gpio_pin_write)
    nrf_gpio_pin_write                       0x00000679   Thumb Code    34  main.o(i.nrf_gpio_pin_write)
    i.nrf_gpio_port_write                    0x000006a0   Section        0  main.o(i.nrf_gpio_port_write)
    nrf_gpio_port_write                      0x000006a1   Thumb Code     8  main.o(i.nrf_gpio_port_write)
    i.on_button_iii_event                    0x000006ac   Section        0  main.o(i.on_button_iii_event)
    on_button_iii_event                      0x000006ad   Thumb Code    26  main.o(i.on_button_iii_event)
    i.on_gpiote_event                        0x000006cc   Section        0  main.o(i.on_gpiote_event)
    on_gpiote_event                          0x000006cd   Thumb Code    44  main.o(i.on_gpiote_event)
    i.pins_sense_disable                     0x000006f8   Section        0  app_gpiote.o(i.pins_sense_disable)
    pins_sense_disable                       0x000006f9   Thumb Code    96  app_gpiote.o(i.pins_sense_disable)
    i.send_hello                             0x0000075c   Section        0  main.o(i.send_hello)
    i.sense_level_toggle                     0x000007a0   Section        0  app_gpiote.o(i.sense_level_toggle)
    sense_level_toggle                       0x000007a1   Thumb Code   124  app_gpiote.o(i.sense_level_toggle)
    .data                                    0x20000000   Section        4  system_nrf51.o(.data)
    __tagsym$$used                           0x20000000   Number         0  system_nrf51.o(.data)
    .data                                    0x20000004   Section       10  app_gpiote.o(.data)
    mp_users                                 0x20000004   Data           4  app_gpiote.o(.data)
    m_enabled_users_mask                     0x20000008   Data           4  app_gpiote.o(.data)
    m_user_array_size                        0x2000000c   Data           1  app_gpiote.o(.data)
    m_user_count                             0x2000000d   Data           1  app_gpiote.o(.data)
    .bss                                     0x20000010   Section       20  main.o(.bss)
    app_gpiote_buf                           0x20000010   Data          20  main.o(.bss)
    STACK                                    0x20000028   Section     2048  arm_startup_nrf51.o(STACK)

    Global Symbols

    Symbol Name                              Value     Ov Type        Size  Object(Section)

    BuildAttributes$$THM_ISAv3M$S$PE$A:L22$X:L11$S22$IEEE1$IW$USESV6$~STKCKD$USESV7$~SHL$OSPACE$EBA8$MICROLIB$REQ8$PRES8$EABIv2 0x00000000   Number         0  anon$$obj.o ABSOLUTE
    __ARM_use_no_argv                        0x00000000   Number         0  main.o ABSOLUTE
    __Vectors                                0x00000000   Data           4  arm_startup_nrf51.o(RESET)
    __cpp_initialize__aeabi_                  - Undefined Weak Reference
    __cxa_finalize                            - Undefined Weak Reference
    __decompress                              - Undefined Weak Reference
    _clock_init                               - Undefined Weak Reference
    _microlib_exit                            - Undefined Weak Reference
    __Vectors_End                            0x000000c0   Data           0  arm_startup_nrf51.o(RESET)
    __Vectors_Size                           0x000000c0   Number         0  arm_startup_nrf51.o ABSOLUTE
    __main                                   0x000000c1   Thumb Code     0  entry.o(.ARM.Collect$$$$00000000)
    _main_stk                                0x000000c1   Thumb Code     0  entry2.o(.ARM.Collect$$$$00000001)
    _main_scatterload                        0x000000c5   Thumb Code     0  entry5.o(.ARM.Collect$$$$00000004)
    __main_after_scatterload                 0x000000c9   Thumb Code     0  entry5.o(.ARM.Collect$$$$00000004)
    _main_clock                              0x000000c9   Thumb Code     0  entry7b.o(.ARM.Collect$$$$00000008)
    _main_cpp_init                           0x000000c9   Thumb Code     0  entry8b.o(.ARM.Collect$$$$0000000A)
    _main_init                               0x000000c9   Thumb Code     0  entry9a.o(.ARM.Collect$$$$0000000B)
    __rt_final_cpp                           0x000000d1   Thumb Code     0  entry10a.o(.ARM.Collect$$$$0000000D)
    __rt_final_exit                          0x000000d1   Thumb Code     0  entry11a.o(.ARM.Collect$$$$0000000F)
    __asm___11_nrf_delay_c_532987f3__nrf_delay_us 0x000000d5   Thumb Code    30  nrf_delay.o(.emb_text)
    Reset_Handler                            0x000000f5   Thumb Code    18  arm_startup_nrf51.o(.text)
    NMI_Handler                              0x00000107   Thumb Code     2  arm_startup_nrf51.o(.text)
    HardFault_Handler                        0x00000109   Thumb Code     2  arm_startup_nrf51.o(.text)
    SVC_Handler                              0x0000010b   Thumb Code     2  arm_startup_nrf51.o(.text)
    PendSV_Handler                           0x0000010d   Thumb Code     2  arm_startup_nrf51.o(.text)
    SysTick_Handler                          0x0000010f   Thumb Code     2  arm_startup_nrf51.o(.text)
    ADC_IRQHandler                           0x00000111   Thumb Code     0  arm_startup_nrf51.o(.text)
    CCM_AAR_IRQHandler                       0x00000111   Thumb Code     0  arm_startup_nrf51.o(.text)
    ECB_IRQHandler                           0x00000111   Thumb Code     0  arm_startup_nrf51.o(.text)
    LPCOMP_COMP_IRQHandler                   0x00000111   Thumb Code     0  arm_startup_nrf51.o(.text)
    POWER_CLOCK_IRQHandler                   0x00000111   Thumb Code     0  arm_startup_nrf51.o(.text)
    QDEC_IRQHandler                          0x00000111   Thumb Code     0  arm_startup_nrf51.o(.text)
    RADIO_IRQHandler                         0x00000111   Thumb Code     0  arm_startup_nrf51.o(.text)
    RNG_IRQHandler                           0x00000111   Thumb Code     0  arm_startup_nrf51.o(.text)
    RTC0_IRQHandler                          0x00000111   Thumb Code     0  arm_startup_nrf51.o(.text)
    RTC1_IRQHandler                          0x00000111   Thumb Code     0  arm_startup_nrf51.o(.text)
    SPI0_TWI0_IRQHandler                     0x00000111   Thumb Code     0  arm_startup_nrf51.o(.text)
    SPI1_TWI1_IRQHandler                     0x00000111   Thumb Code     0  arm_startup_nrf51.o(.text)
    SWI0_IRQHandler                          0x00000111   Thumb Code     0  arm_startup_nrf51.o(.text)
    SWI1_IRQHandler                          0x00000111   Thumb Code     0  arm_startup_nrf51.o(.text)
    SWI2_IRQHandler                          0x00000111   Thumb Code     0  arm_startup_nrf51.o(.text)
    SWI3_IRQHandler                          0x00000111   Thumb Code     0  arm_startup_nrf51.o(.text)
    SWI4_IRQHandler                          0x00000111   Thumb Code     0  arm_startup_nrf51.o(.text)
    SWI5_IRQHandler                          0x00000111   Thumb Code     0  arm_startup_nrf51.o(.text)
    TEMP_IRQHandler                          0x00000111   Thumb Code     0  arm_startup_nrf51.o(.text)
    TIMER0_IRQHandler                        0x00000111   Thumb Code     0  arm_startup_nrf51.o(.text)
    TIMER1_IRQHandler                        0x00000111   Thumb Code     0  arm_startup_nrf51.o(.text)
    TIMER2_IRQHandler                        0x00000111   Thumb Code     0  arm_startup_nrf51.o(.text)
    UART0_IRQHandler                         0x00000111   Thumb Code     0  arm_startup_nrf51.o(.text)
    WDT_IRQHandler                           0x00000111   Thumb Code     0  arm_startup_nrf51.o(.text)
    __aeabi_memset                           0x00000121   Thumb Code    14  memseta.o(.text)
    __aeabi_memset4                          0x00000121   Thumb Code     0  memseta.o(.text)
    __aeabi_memset8                          0x00000121   Thumb Code     0  memseta.o(.text)
    __aeabi_memclr                           0x0000012f   Thumb Code     4  memseta.o(.text)
    __aeabi_memclr4                          0x0000012f   Thumb Code     0  memseta.o(.text)
    __aeabi_memclr8                          0x0000012f   Thumb Code     0  memseta.o(.text)
    _memset$wrapper                          0x00000133   Thumb Code    18  memseta.o(.text)
    __scatterload                            0x00000145   Thumb Code    28  init.o(.text)
    __scatterload_rt2                        0x00000145   Thumb Code     0  init.o(.text)
    GPIOTE_IRQHandler                        0x00000169   Thumb Code   106  app_gpiote.o(i.GPIOTE_IRQHandler)
    SystemInit                               0x00000261   Thumb Code    38  system_nrf51.o(i.SystemInit)
    __scatterload_copy                       0x00000299   Thumb Code    14  handlers.o(i.__scatterload_copy)
    __scatterload_null                       0x000002a7   Thumb Code     2  handlers.o(i.__scatterload_null)
    __scatterload_zeroinit                   0x000002a9   Thumb Code    14  handlers.o(i.__scatterload_zeroinit)
    app_error_handler                        0x000002b9   Thumb Code    22  main.o(i.app_error_handler)
    app_gpiote_init                          0x000002d9   Thumb Code   114  app_gpiote.o(i.app_gpiote_init)
    app_gpiote_user_enable                   0x00000369   Thumb Code   222  app_gpiote.o(i.app_gpiote_user_enable)
    app_gpiote_user_register                 0x00000461   Thumb Code   138  app_gpiote.o(i.app_gpiote_user_register)
    init_gpiote                              0x000004f9   Thumb Code   152  main.o(i.init_gpiote)
    main                                     0x0000063d   Thumb Code    12  main.o(i.main)
    nrf_delay_ms                             0x00000649   Thumb Code    24  nrf_delay.o(i.nrf_delay_ms)
    send_hello                               0x0000075d   Thumb Code    68  main.o(i.send_hello)
    Region$$Table$$Base                      0x0000081c   Number         0  anon$$obj.o(Region$$Table)
    Region$$Table$$Limit                     0x0000082c   Number         0  anon$$obj.o(Region$$Table)
    SystemCoreClock                          0x20000000   Data           4  system_nrf51.o(.data)
    __initial_sp                             0x20000828   Data           0  arm_startup_nrf51.o(STACK)



==============================================================================

Memory Map of the image

  Image Entry point : 0x000000c1

  Load Region LR_IROM1 (Base: 0x00000000, Size: 0x0000083c, Max: 0x00040000, ABSOLUTE)

    Execution Region ER_IROM1 (Base: 0x00000000, Size: 0x0000082c, Max: 0x00040000, ABSOLUTE)

    Base Addr    Size         Type   Attr      Idx    E Section Name        Object

    0x00000000   0x000000c0   Data   RO          138    RESET               arm_startup_nrf51.o
    0x000000c0   0x00000000   Code   RO          298  * .ARM.Collect$$$$00000000  mc_p.l(entry.o)
    0x000000c0   0x00000004   Code   RO          303    .ARM.Collect$$$$00000001  mc_p.l(entry2.o)
    0x000000c4   0x00000004   Code   RO          306    .ARM.Collect$$$$00000004  mc_p.l(entry5.o)
    0x000000c8   0x00000000   Code   RO          308    .ARM.Collect$$$$00000008  mc_p.l(entry7b.o)
    0x000000c8   0x00000000   Code   RO          310    .ARM.Collect$$$$0000000A  mc_p.l(entry8b.o)
    0x000000c8   0x00000008   Code   RO          311    .ARM.Collect$$$$0000000B  mc_p.l(entry9a.o)
    0x000000d0   0x00000000   Code   RO          313    .ARM.Collect$$$$0000000D  mc_p.l(entry10a.o)
    0x000000d0   0x00000000   Code   RO          315    .ARM.Collect$$$$0000000F  mc_p.l(entry11a.o)
    0x000000d0   0x00000004   Code   RO          304    .ARM.Collect$$$$00002712  mc_p.l(entry2.o)
    0x000000d4   0x0000001e   Code   RO          190    .emb_text           nrf_delay.o
    0x000000f2   0x00000002   PAD
    0x000000f4   0x0000002c   Code   RO          139    .text               arm_startup_nrf51.o
    0x00000120   0x00000024   Code   RO          301    .text               mc_p.l(memseta.o)
    0x00000144   0x00000024   Code   RO          317    .text               mc_p.l(init.o)
    0x00000168   0x00000080   Code   RO          218    i.GPIOTE_IRQHandler  app_gpiote.o
    0x000001e8   0x00000078   Code   RO          219    i.NVIC_SetPriority  app_gpiote.o
    0x00000260   0x00000038   Code   RO          146    i.SystemInit        system_nrf51.o
    0x00000298   0x0000000e   Code   RO          321    i.__scatterload_copy  mc_p.l(handlers.o)
    0x000002a6   0x00000002   Code   RO          322    i.__scatterload_null  mc_p.l(handlers.o)
    0x000002a8   0x0000000e   Code   RO          323    i.__scatterload_zeroinit  mc_p.l(handlers.o)
    0x000002b6   0x00000002   PAD
    0x000002b8   0x00000020   Code   RO            4    i.app_error_handler  main.o
    0x000002d8   0x00000090   Code   RO          220    i.app_gpiote_init   app_gpiote.o
    0x00000368   0x000000f8   Code   RO          223    i.app_gpiote_user_enable  app_gpiote.o
    0x00000460   0x00000098   Code   RO          224    i.app_gpiote_user_register  app_gpiote.o
    0x000004f8   0x000000ac   Code   RO            5    i.init_gpiote       main.o
    0x000005a4   0x00000034   Code   RO          147    i.is_disabled_in_debug_needed  system_nrf51.o
    0x000005d8   0x00000064   Code   RO          148    i.is_manual_peripheral_setup_needed  system_nrf51.o
    0x0000063c   0x0000000c   Code   RO            6    i.main              main.o
    0x00000648   0x0000001c   Code   RO          191    i.nrf_delay_ms      nrf_delay.o
    0x00000664   0x00000014   Code   RO            7    i.nrf_gpio_cfg_input  main.o
    0x00000678   0x00000028   Code   RO            8    i.nrf_gpio_pin_write  main.o
    0x000006a0   0x0000000c   Code   RO            9    i.nrf_gpio_port_write  main.o
    0x000006ac   0x00000020   Code   RO           10    i.on_button_iii_event  main.o
    0x000006cc   0x0000002c   Code   RO           12    i.on_gpiote_event   main.o
    0x000006f8   0x00000064   Code   RO          225    i.pins_sense_disable  app_gpiote.o
    0x0000075c   0x00000044   Code   RO           13    i.send_hello        main.o
    0x000007a0   0x0000007c   Code   RO          226    i.sense_level_toggle  app_gpiote.o
    0x0000081c   0x00000010   Data   RO          319    Region$$Table       anon$$obj.o


    Execution Region RW_IRAM1 (Base: 0x20000000, Size: 0x00000828, Max: 0x00004000, ABSOLUTE, UNINIT)

    Base Addr    Size         Type   Attr      Idx    E Section Name        Object

    0x20000000   0x00000004   Data   RW          149    .data               system_nrf51.o
    0x20000004   0x0000000a   Data   RW          227    .data               app_gpiote.o
    0x2000000e   0x00000002   PAD
    0x20000010   0x00000014   Zero   RW           14    .bss                main.o
    0x20000024   0x00000004   PAD
    0x20000028   0x00000800   Zero   RW          136    STACK               arm_startup_nrf51.o


==============================================================================

Image component sizes


      Code (inc. data)   RO Data    RW Data    ZI Data      Debug   Object Name

      1016        106          0         10          0      15646   app_gpiote.o
        44         14        192          0       2048        628   arm_startup_nrf51.o
       432         46          0          0         20      33722   main.o
        58          4          0          0          0       1271   nrf_delay.o
       208         28          0          4          0       1711   system_nrf51.o

    ----------------------------------------------------------------------
      1760        198        208         16       2072      52978   Object Totals
         0          0         16          0          0          0   (incl. Generated)
         2          0          0          2          4          0   (incl. Padding)

    ----------------------------------------------------------------------

      Code (inc. data)   RO Data    RW Data    ZI Data      Debug   Library Member Name

         0          0          0          0          0          0   entry.o
         0          0          0          0          0          0   entry10a.o
         0          0          0          0          0          0   entry11a.o
         8          4          0          0          0          0   entry2.o
         4          0          0          0          0          0   entry5.o
         0          0          0          0          0          0   entry7b.o
         0          0          0          0          0          0   entry8b.o
         8          4          0          0          0          0   entry9a.o
        30          0          0          0          0          0   handlers.o
        36          8          0          0          0         68   init.o
        36          0          0          0          0        100   memseta.o

    ----------------------------------------------------------------------
       124         16          0          0          0        168   Library Totals
         2          0          0          0          0          0   (incl. Padding)

    ----------------------------------------------------------------------

      Code (inc. data)   RO Data    RW Data    ZI Data      Debug   Library Name

       122         16          0          0          0        168   mc_p.l

    ----------------------------------------------------------------------
       124         16          0          0          0        168   Library Totals

    ----------------------------------------------------------------------

==============================================================================


      Code (inc. data)   RO Data    RW Data    ZI Data      Debug   

      1884        214        208         16       2072      52250   Grand Totals
      1884        214        208         16       2072      52250   ELF Image Totals
      1884        214        208         16          0          0   ROM Totals

==============================================================================

    Total RO  Size (Code + RO Data)                 2092 (   2.04kB)
    Total RW  Size (RW Data + ZI Data)              2088 (   2.04kB)
    Total ROM Size (Code + RO Data + RW Data)       2108 (   2.06kB)

==============================================================================

