<html>
<body>
<pre>
<h1>µVision Build Log</h1>
<h2>Project:</h2>
C:\Users\Jason\dev\insideride\nordic\blinky_example\arm\blinky.uvproj
Project File Date:  11/18/2013

<h2>Output:</h2>
Build target 'nrf51822_xxaa (256K)'
Clean started - Project: 'blinky'
   deleting intermediate output files for target 'nrf51822_xxaa (256K)'
creating preprocessor file for main.c...
compiling main.c...
creating preprocessor file for resistance.c...
compiling resistance.c...
creating preprocessor file for revolutions.c...
compiling revolutions.c...
assembling arm_startup_nrf51.s...
creating preprocessor file for system_nrf51.c...
compiling system_nrf51.c...
creating preprocessor file for nrf_delay.c...
compiling nrf_delay.c...
creating preprocessor file for app_gpiote.c...
compiling app_gpiote.c...
creating preprocessor file for nrf_pwm.c...
compiling nrf_pwm.c...
linking...
Program Size: Code=2680 RO-data=208 RW-data=68 ZI-data=2108  
".\_build\blinky_arm.axf" - 0 Error(s), 0 Warning(s).

*** Performing Cross-Module-Optimization:
compiling main.c...
compiling revolutions.c...
compiling system_nrf51.c...
compiling nrf_delay.c...
compiling app_gpiote.c...
compiling nrf_pwm.c...
linking...
Program Size: Code=2680 RO-data=208 RW-data=68 ZI-data=2108  
FromELF: creating hex file...
".\_build\blinky_arm.axf" - 0 Error(s), 0 Warning(s).
*** Completed Cross-Module-Optimization after 2 iteration(s).
Load "C:\\Users\\Jason\\dev\\insideride\\nordic\\blinky_example\\arm\\_build\\blinky_arm.axf" 
Set JLink Project File to "C:\Users\Jason\dev\insideride\nordic\blinky_example\arm\JLinkSettings.ini"
* JLink Info: Device "NRF51822_XXAA" selected (257 KB flash, 16 KB RAM).
 
JLink info:
------------
DLL: V4.78g, compiled Nov  8 2013 18:39:22
Firmware: J-Link OB-SAM3U128 V1 compiled Sep 19 2013 20:18:59
Hardware: V1.00
S/N : 480204223 
 
* JLink Info: Found SWD-DP with ID 0x0BB11477
* JLink Info: Found Cortex-M0 r0p0, Little endian.
* JLink Info: FPUnit: 4 code (BP) slots and 0 literal slots
ROMTableAddr = 0xE00FF003
 
Target info:
------------
Device: nRF51822_xxAA
VTarget = 3.300V
State of Pins: 
TCK: 0, TDI: 0, TDO: 1, TMS: 1, TRES: 1, TRST: 1
Hardware-Breakpoints: 4
Software-Breakpoints: 8192
Watchpoints:          2
JTAG speed: 2000 kHz
 
Erase Done.
Programming Done.
Verify OK.
Application running ...
1822_xxAA
VTarget = 3.300V
State of Pins: 
TCK: 0, TDI: 0, TDO: 1, TMS: 1, TRES: 1, TRST: 1
Hardware-Breakpoints: 4
Software-Breakpoints: 8192
Watchpoints:          2
JTAG speed: 2000 kHz
 
Erase Done.
Programming Done.
Verify OK.
Application running ...
on running ...
TDO: 1, TMS: 1, TRES: 1, TRST: 1
Hardware-Breakpoints: 4
Software-Breakpoints: 8192
Watchpoints:          2
JTAG speed: 2000 kHz
 
Erase Done.
Programming Done.
Verify OK.
Application running ...
