<html>
<body>
<pre>
<h1>µVision Build Log</h1>
<h2>Project:</h2>
C:\Users\Jason\dev\insideride\nordic\blinky_example\arm\blinky.uvproj
Project File Date:  11/18/2013

<h2>Output:</h2>
Build target 'nrf51822_xxaa (256K)'
Clean started - Project: 'blinky'
   deleting intermediate output files for target 'nrf51822_xxaa (256K)'
creating preprocessor file for main.c...
compiling main.c...
creating preprocessor file for resistance.c...
compiling resistance.c...
creating preprocessor file for revolutions.c...
..\revolutions.h(18): warning:  #1-D: last line of file ends without a newline
  #endif
..\revolutions.c(6): warning:  #1-D: last line of file ends without a newline
  }
..\revolutions.c: 2 warnings, 0 errors
compiling revolutions.c...
..\revolutions.h(18): warning:  #1-D: last line of file ends without a newline
  #endif
..\revolutions.c(6): warning:  #1-D: last line of file ends without a newline
  }
..\revolutions.c: 2 warnings, 0 errors
assembling arm_startup_nrf51.s...
creating preprocessor file for system_nrf51.c...
compiling system_nrf51.c...
creating preprocessor file for nrf_delay.c...
compiling nrf_delay.c...
creating preprocessor file for app_gpiote.c...
compiling app_gpiote.c...
creating preprocessor file for nrf_pwm.c...
compiling nrf_pwm.c...
linking...
Program Size: Code=2444 RO-data=208 RW-data=68 ZI-data=2068  
".\_build\blinky_arm.axf" - 0 Error(s), 4 Warning(s).

*** Performing Cross-Module-Optimization:
compiling main.c...
compiling revolutions.c...
..\revolutions.h(18): warning:  #1-D: last line of file ends without a newline
  #endif
..\revolutions.c(6): warning:  #1-D: last line of file ends without a newline
  }
..\revolutions.c: 2 warnings, 0 errors
compiling system_nrf51.c...
compiling nrf_delay.c...
compiling app_gpiote.c...
compiling nrf_pwm.c...
linking...
Program Size: Code=2444 RO-data=208 RW-data=68 ZI-data=2068  
FromELF: creating hex file...
".\_build\blinky_arm.axf" - 0 Error(s), 2 Warning(s).
*** Completed Cross-Module-Optimization after 2 iteration(s).
